2026-09-18 01:40:26.235: [INFO] CurrentProfilePath: C:\Users\User\Documents\workspace-spring-tools-for-eclipse-5.4.0.RELEASE\.metadata\.plugins\org.eclipse.swt\EBWebView\Default
2026-09-18 01:40:26.235: [INFO] Profiles total count: 1
2026-09-18 01:40:26.236: [INFO] Profile: name=프로필 1 path=C:\Users\User\Documents\workspace-spring-tools-for-eclipse-5.4.0.RELEASE\.metadata\.plugins\org.eclipse.swt\EBWebView\Default lastActive=null
2026-09-18 01:40:26.236: [INFO] LastUsedProfileDir: C:\Users\User\Documents\workspace-spring-tools-for-eclipse-5.4.0.RELEASE\.metadata\.plugins\org.eclipse.swt\EBWebView\Default
2026-09-18 01:40:26.236: [INFO] OnDoneLoading sync enabled: 0
2026-09-18 01:40:26.236: [INFO] BookmarkModelLoaded, ids_reassigned: 0
2026-09-18 01:40:26.236: [INFO] BookmarksLoadDropped droppedNodes=0
2026-09-18 01:40:26.236: [INFO] BookmarksSnapshot Startup total=0 bar=0 other=0 mobile=0 showBar=0 showBarNTP=1
2026-09-18 01:43:09.924: [INFO] BookmarksSnapshot Shutdown total=0 bar=0 other=0 mobile=0 showBar=0 showBarNTP=1
2026-09-18 04:38:08.980: [INFO] CurrentProfilePath: C:\Users\User\Documents\workspace-spring-tools-for-eclipse-5.4.0.RELEASE\.metadata\.plugins\org.eclipse.swt\EBWebView\Default
2026-09-18 04:38:08.980: [INFO] Profiles total count: 1
2026-09-18 04:38:08.980: [INFO] Profile: name=프로필 1 path=C:\Users\User\Documents\workspace-spring-tools-for-eclipse-5.4.0.RELEASE\.metadata\.plugins\org.eclipse.swt\EBWebView\Default lastActive=null
2026-09-18 04:38:08.980: [INFO] LastUsedProfileDir: C:\Users\User\Documents\workspace-spring-tools-for-eclipse-5.4.0.RELEASE\.metadata\.plugins\org.eclipse.swt\EBWebView\Default
2026-09-18 04:38:08.980: [INFO] OnDoneLoading sync enabled: 0
2026-09-18 04:38:08.980: [INFO] BookmarkModelLoaded, ids_reassigned: 0
2026-09-18 04:38:08.980: [INFO] BookmarksLoadDropped droppedNodes=0
2026-09-18 04:38:08.980: [INFO] BookmarksSnapshot Startup total=0 bar=0 other=0 mobile=0 showBar=0 showBarNTP=1
2026-09-18 04:39:56.550: [INFO] BookmarksSnapshot Shutdown total=0 bar=0 other=0 mobile=0 showBar=0 showBarNTP=1
2026-09-18 04:48:38.198: [INFO] CurrentProfilePath: C:\Users\User\Documents\workspace-spring-tools-for-eclipse-5.4.0.RELEASE\.metadata\.plugins\org.eclipse.swt\EBWebView\Default
2026-09-18 04:48:38.198: [INFO] Profiles total count: 1
2026-09-18 04:48:38.198: [INFO] Profile: name=프로필 1 path=C:\Users\User\Documents\workspace-spring-tools-for-eclipse-5.4.0.RELEASE\.metadata\.plugins\org.eclipse.swt\EBWebView\Default lastActive=null
2026-09-18 04:48:38.198: [INFO] LastUsedProfileDir: C:\Users\User\Documents\workspace-spring-tools-for-eclipse-5.4.0.RELEASE\.metadata\.plugins\org.eclipse.swt\EBWebView\Default
2026-09-18 04:48:38.198: [INFO] OnDoneLoading sync enabled: 0
2026-09-18 04:48:38.198: [INFO] BookmarkModelLoaded, ids_reassigned: 0
2026-09-18 04:48:38.198: [INFO] BookmarksLoadDropped droppedNodes=0
2026-09-18 04:48:38.198: [INFO] BookmarksSnapshot Startup total=0 bar=0 other=0 mobile=0 showBar=0 showBarNTP=1
2026-09-18 07:10:31.699: [INFO] BookmarksSnapshot Shutdown total=0 bar=0 other=0 mobile=0 showBar=0 showBarNTP=1
2026-09-18 07:13:09.739: [INFO] CurrentProfilePath: C:\Users\User\Documents\workspace-spring-tools-for-eclipse-5.4.0.RELEASE\.metadata\.plugins\org.eclipse.swt\EBWebView\Default
2026-09-18 07:13:09.739: [INFO] Profiles total count: 1
2026-09-18 07:13:09.739: [INFO] Profile: name=프로필 1 path=C:\Users\User\Documents\workspace-spring-tools-for-eclipse-5.4.0.RELEASE\.metadata\.plugins\org.eclipse.swt\EBWebView\Default lastActive=null
2026-09-18 07:13:09.739: [INFO] LastUsedProfileDir: C:\Users\User\Documents\workspace-spring-tools-for-eclipse-5.4.0.RELEASE\.metadata\.plugins\org.eclipse.swt\EBWebView\Default
2026-09-18 07:13:09.739: [INFO] OnDoneLoading sync enabled: 0
2026-09-18 07:13:09.739: [INFO] BookmarkModelLoaded, ids_reassigned: 0
2026-09-18 07:13:09.739: [INFO] BookmarksLoadDropped droppedNodes=0
2026-09-18 07:13:09.739: [INFO] BookmarksSnapshot Startup total=0 bar=0 other=0 mobile=0 showBar=0 showBarNTP=1
2026-09-18 07:14:12.702: [INFO] BookmarksSnapshot Shutdown total=0 bar=0 other=0 mobile=0 showBar=0 showBarNTP=1
2026-09-18 07:14:12.753: [INFO] CurrentProfilePath: C:\Users\User\Documents\workspace-spring-tools-for-eclipse-5.4.0.RELEASE\.metadata\.plugins\org.eclipse.swt\EBWebView\Default
2026-09-18 07:14:12.753: [INFO] Profiles total count: 1
2026-09-18 07:14:12.753: [INFO] Profile: name=프로필 1 path=C:\Users\User\Documents\workspace-spring-tools-for-eclipse-5.4.0.RELEASE\.metadata\.plugins\org.eclipse.swt\EBWebView\Default lastActive=null
2026-09-18 07:14:12.753: [INFO] LastUsedProfileDir: C:\Users\User\Documents\workspace-spring-tools-for-eclipse-5.4.0.RELEASE\.metadata\.plugins\org.eclipse.swt\EBWebView\Default
2026-09-18 07:14:12.753: [INFO] OnDoneLoading sync enabled: 0
2026-09-18 07:14:12.753: [INFO] BookmarkModelLoaded, ids_reassigned: 0
2026-09-18 07:14:12.753: [INFO] BookmarksLoadDropped droppedNodes=0
2026-09-18 07:14:12.753: [INFO] BookmarksSnapshot Startup total=0 bar=0 other=0 mobile=0 showBar=0 showBarNTP=1
2026-09-18 07:14:37.005: [INFO] BookmarksSnapshot Shutdown total=0 bar=0 other=0 mobile=0 showBar=0 showBarNTP=1
2026-09-18 07:22:28.474: [INFO] CurrentProfilePath: C:\Users\User\Documents\workspace-spring-tools-for-eclipse-5.4.0.RELEASE\.metadata\.plugins\org.eclipse.swt\EBWebView\Default
2026-09-18 07:22:28.474: [INFO] Profiles total count: 1
2026-09-18 07:22:28.474: [INFO] Profile: name=프로필 1 path=C:\Users\User\Documents\workspace-spring-tools-for-eclipse-5.4.0.RELEASE\.metadata\.plugins\org.eclipse.swt\EBWebView\Default lastActive=null
2026-09-18 07:22:28.474: [INFO] LastUsedProfileDir: C:\Users\User\Documents\workspace-spring-tools-for-eclipse-5.4.0.RELEASE\.metadata\.plugins\org.eclipse.swt\EBWebView\Default
2026-09-18 07:22:28.474: [INFO] OnDoneLoading sync enabled: 0
2026-09-18 07:22:28.474: [INFO] BookmarkModelLoaded, ids_reassigned: 0
2026-09-18 07:22:28.474: [INFO] BookmarksLoadDropped droppedNodes=0
2026-09-18 07:22:28.474: [INFO] BookmarksSnapshot Startup total=0 bar=0 other=0 mobile=0 showBar=0 showBarNTP=1
2026-09-18 07:23:36.426: [INFO] BookmarksSnapshot Shutdown total=0 bar=0 other=0 mobile=0 showBar=0 showBarNTP=1
2026-09-18 07:23:44.689: [INFO] CurrentProfilePath: C:\Users\User\Documents\workspace-spring-tools-for-eclipse-5.4.0.RELEASE\.metadata\.plugins\org.eclipse.swt\EBWebView\Default
2026-09-18 07:23:44.689: [INFO] Profiles total count: 1
2026-09-18 07:23:44.689: [INFO] Profile: name=프로필 1 path=C:\Users\User\Documents\workspace-spring-tools-for-eclipse-5.4.0.RELEASE\.metadata\.plugins\org.eclipse.swt\EBWebView\Default lastActive=null
2026-09-18 07:23:44.689: [INFO] LastUsedProfileDir: C:\Users\User\Documents\workspace-spring-tools-for-eclipse-5.4.0.RELEASE\.metadata\.plugins\org.eclipse.swt\EBWebView\Default
2026-09-18 07:23:44.689: [INFO] OnDoneLoading sync enabled: 0
2026-09-18 07:23:44.689: [INFO] BookmarkModelLoaded, ids_reassigned: 0
2026-09-18 07:23:44.689: [INFO] BookmarksLoadDropped droppedNodes=0
2026-09-18 07:23:44.689: [INFO] BookmarksSnapshot Startup total=0 bar=0 other=0 mobile=0 showBar=0 showBarNTP=1
2026-09-18 07:24:22.406: [INFO] BookmarksSnapshot Shutdown total=0 bar=0 other=0 mobile=0 showBar=0 showBarNTP=1
2026-09-18 07:24:40.654: [INFO] CurrentProfilePath: C:\Users\User\Documents\workspace-spring-tools-for-eclipse-5.4.0.RELEASE\.metadata\.plugins\org.eclipse.swt\EBWebView\Default
2026-09-18 07:24:40.654: [INFO] Profiles total count: 1
2026-09-18 07:24:40.654: [INFO] Profile: name=프로필 1 path=C:\Users\User\Documents\workspace-spring-tools-for-eclipse-5.4.0.RELEASE\.metadata\.plugins\org.eclipse.swt\EBWebView\Default lastActive=null
2026-09-18 07:24:40.654: [INFO] LastUsedProfileDir: C:\Users\User\Documents\workspace-spring-tools-for-eclipse-5.4.0.RELEASE\.metadata\.plugins\org.eclipse.swt\EBWebView\Default
2026-09-18 07:24:40.654: [INFO] OnDoneLoading sync enabled: 0
2026-09-18 07:24:40.654: [INFO] BookmarkModelLoaded, ids_reassigned: 0
2026-09-18 07:24:40.654: [INFO] BookmarksLoadDropped droppedNodes=0
2026-09-18 07:24:40.654: [INFO] BookmarksSnapshot Startup total=0 bar=0 other=0 mobile=0 showBar=0 showBarNTP=1
2026-09-18 07:24:46.111: [INFO] BookmarksSnapshot Shutdown total=0 bar=0 other=0 mobile=0 showBar=0 showBarNTP=1
2026-09-18 07:24:50.396: [INFO] CurrentProfilePath: C:\Users\User\Documents\workspace-spring-tools-for-eclipse-5.4.0.RELEASE\.metadata\.plugins\org.eclipse.swt\EBWebView\Default
2026-09-18 07:24:50.396: [INFO] Profiles total count: 1
2026-09-18 07:24:50.396: [INFO] Profile: name=프로필 1 path=C:\Users\User\Documents\workspace-spring-tools-for-eclipse-5.4.0.RELEASE\.metadata\.plugins\org.eclipse.swt\EBWebView\Default lastActive=null
2026-09-18 07:24:50.396: [INFO] LastUsedProfileDir: C:\Users\User\Documents\workspace-spring-tools-for-eclipse-5.4.0.RELEASE\.metadata\.plugins\org.eclipse.swt\EBWebView\Default
2026-09-18 07:24:50.396: [INFO] OnDoneLoading sync enabled: 0
2026-09-18 07:24:50.396: [INFO] BookmarkModelLoaded, ids_reassigned: 0
2026-09-18 07:24:50.396: [INFO] BookmarksLoadDropped droppedNodes=0
2026-09-18 07:24:50.396: [INFO] BookmarksSnapshot Startup total=0 bar=0 other=0 mobile=0 showBar=0 showBarNTP=1
2026-09-18 07:24:52.628: [INFO] BookmarksSnapshot Shutdown total=0 bar=0 other=0 mobile=0 showBar=0 showBarNTP=1
2026-09-18 07:26:39.331: [INFO] CurrentProfilePath: C:\Users\User\Documents\workspace-spring-tools-for-eclipse-5.4.0.RELEASE\.metadata\.plugins\org.eclipse.swt\EBWebView\Default
2026-09-18 07:26:39.331: [INFO] Profiles total count: 1
2026-09-18 07:26:39.331: [INFO] Profile: name=프로필 1 path=C:\Users\User\Documents\workspace-spring-tools-for-eclipse-5.4.0.RELEASE\.metadata\.plugins\org.eclipse.swt\EBWebView\Default lastActive=null
2026-09-18 07:26:39.331: [INFO] LastUsedProfileDir: C:\Users\User\Documents\workspace-spring-tools-for-eclipse-5.4.0.RELEASE\.metadata\.plugins\org.eclipse.swt\EBWebView\Default
2026-09-18 07:26:39.331: [INFO] OnDoneLoading sync enabled: 0
2026-09-18 07:26:39.331: [INFO] BookmarkModelLoaded, ids_reassigned: 0
2026-09-18 07:26:39.331: [INFO] BookmarksLoadDropped droppedNodes=0
2026-09-18 07:26:39.331: [INFO] BookmarksSnapshot Startup total=0 bar=0 other=0 mobile=0 showBar=0 showBarNTP=1
2026-09-18 07:26:41.842: [INFO] BookmarksSnapshot Shutdown total=0 bar=0 other=0 mobile=0 showBar=0 showBarNTP=1
2026-09-18 07:31:18.571: [INFO] CurrentProfilePath: C:\Users\User\Documents\workspace-spring-tools-for-eclipse-5.4.0.RELEASE\.metadata\.plugins\org.eclipse.swt\EBWebView\Default
2026-09-18 07:31:18.571: [INFO] Profiles total count: 1
2026-09-18 07:31:18.571: [INFO] Profile: name=프로필 1 path=C:\Users\User\Documents\workspace-spring-tools-for-eclipse-5.4.0.RELEASE\.metadata\.plugins\org.eclipse.swt\EBWebView\Default lastActive=null
2026-09-18 07:31:18.571: [INFO] LastUsedProfileDir: C:\Users\User\Documents\workspace-spring-tools-for-eclipse-5.4.0.RELEASE\.metadata\.plugins\org.eclipse.swt\EBWebView\Default
2026-09-18 07:31:18.571: [INFO] OnDoneLoading sync enabled: 0
2026-09-18 07:31:18.571: [INFO] BookmarkModelLoaded, ids_reassigned: 0
2026-09-18 07:31:18.571: [INFO] BookmarksLoadDropped droppedNodes=0
2026-09-18 07:31:18.571: [INFO] BookmarksSnapshot Startup total=0 bar=0 other=0 mobile=0 showBar=0 showBarNTP=1
2026-09-18 08:42:37.992: [INFO] BookmarksSnapshot Shutdown total=0 bar=0 other=0 mobile=0 showBar=0 showBarNTP=1
2026-09-21 00:50:00.979: [INFO] CurrentProfilePath: C:\Users\User\Documents\workspace-spring-tools-for-eclipse-5.4.0.RELEASE\.metadata\.plugins\org.eclipse.swt\EBWebView\Default
2026-09-21 00:50:00.979: [INFO] Profiles total count: 1
2026-09-21 00:50:00.979: [INFO] Profile: name=프로필 1 path=C:\Users\User\Documents\workspace-spring-tools-for-eclipse-5.4.0.RELEASE\.metadata\.plugins\org.eclipse.swt\EBWebView\Default lastActive=2026-09-18T07:40:44.365Z
2026-09-21 00:50:00.979: [INFO] LastUsedProfileDir: C:\Users\User\Documents\workspace-spring-tools-for-eclipse-5.4.0.RELEASE\.metadata\.plugins\org.eclipse.swt\EBWebView\Default
2026-09-21 00:50:00.979: [INFO] MostRecentlyActiveProfile: name=프로필 1 path=C:\Users\User\Documents\workspace-spring-tools-for-eclipse-5.4.0.RELEASE\.metadata\.plugins\org.eclipse.swt\EBWebView\Default lastActive=2026-09-18T07:40:44.365Z
2026-09-21 00:50:00.979: [INFO] OnDoneLoading sync enabled: 0
2026-09-21 00:50:00.979: [INFO] BookmarkModelLoaded, ids_reassigned: 0
2026-09-21 00:50:00.979: [INFO] BookmarksLoadDropped droppedNodes=0
2026-09-21 00:50:00.979: [INFO] BookmarksSnapshot Startup total=0 bar=0 other=0 mobile=0 showBar=0 showBarNTP=1
2026-09-21 00:50:37.894: [INFO] BookmarksSnapshot Shutdown total=0 bar=0 other=0 mobile=0 showBar=0 showBarNTP=1
2026-09-21 00:50:42.984: [INFO] CurrentProfilePath: C:\Users\User\Documents\workspace-spring-tools-for-eclipse-5.4.0.RELEASE\.metadata\.plugins\org.eclipse.swt\EBWebView\Default
2026-09-21 00:50:42.984: [INFO] Profiles total count: 1
2026-09-21 00:50:42.984: [INFO] Profile: name=프로필 1 path=C:\Users\User\Documents\workspace-spring-tools-for-eclipse-5.4.0.RELEASE\.metadata\.plugins\org.eclipse.swt\EBWebView\Default lastActive=2026-09-18T07:40:44.365Z
2026-09-21 00:50:42.984: [INFO] LastUsedProfileDir: C:\Users\User\Documents\workspace-spring-tools-for-eclipse-5.4.0.RELEASE\.metadata\.plugins\org.eclipse.swt\EBWebView\Default
2026-09-21 00:50:42.984: [INFO] MostRecentlyActiveProfile: name=프로필 1 path=C:\Users\User\Documents\workspace-spring-tools-for-eclipse-5.4.0.RELEASE\.metadata\.plugins\org.eclipse.swt\EBWebView\Default lastActive=2026-09-18T07:40:44.365Z
2026-09-21 00:50:42.984: [INFO] OnDoneLoading sync enabled: 0
2026-09-21 00:50:42.984: [INFO] BookmarkModelLoaded, ids_reassigned: 0
2026-09-21 00:50:42.984: [INFO] BookmarksLoadDropped droppedNodes=0
2026-09-21 00:50:42.984: [INFO] BookmarksSnapshot Startup total=0 bar=0 other=0 mobile=0 showBar=0 showBarNTP=1
2026-09-21 00:50:51.186: [INFO] BookmarksSnapshot Shutdown total=0 bar=0 other=0 mobile=0 showBar=0 showBarNTP=1
2026-09-21 00:51:28.322: [INFO] CurrentProfilePath: C:\Users\User\Documents\workspace-spring-tools-for-eclipse-5.4.0.RELEASE\.metadata\.plugins\org.eclipse.swt\EBWebView\Default
2026-09-21 00:51:28.322: [INFO] Profiles total count: 1
2026-09-21 00:51:28.322: [INFO] Profile: name=프로필 1 path=C:\Users\User\Documents\workspace-spring-tools-for-eclipse-5.4.0.RELEASE\.metadata\.plugins\org.eclipse.swt\EBWebView\Default lastActive=2026-09-18T07:40:44.365Z
2026-09-21 00:51:28.322: [INFO] LastUsedProfileDir: C:\Users\User\Documents\workspace-spring-tools-for-eclipse-5.4.0.RELEASE\.metadata\.plugins\org.eclipse.swt\EBWebView\Default
2026-09-21 00:51:28.322: [INFO] MostRecentlyActiveProfile: name=프로필 1 path=C:\Users\User\Documents\workspace-spring-tools-for-eclipse-5.4.0.RELEASE\.metadata\.plugins\org.eclipse.swt\EBWebView\Default lastActive=2026-09-18T07:40:44.365Z
2026-09-21 00:51:28.322: [INFO] OnDoneLoading sync enabled: 0
2026-09-21 00:51:28.322: [INFO] BookmarkModelLoaded, ids_reassigned: 0
2026-09-21 00:51:28.322: [INFO] BookmarksLoadDropped droppedNodes=0
2026-09-21 00:51:28.322: [INFO] BookmarksSnapshot Startup total=0 bar=0 other=0 mobile=0 showBar=0 showBarNTP=1
2026-09-21 00:51:31.797: [INFO] BookmarksSnapshot Shutdown total=0 bar=0 other=0 mobile=0 showBar=0 showBarNTP=1
2026-09-21 01:33:00.958: [INFO] CurrentProfilePath: C:\Users\User\Documents\workspace-spring-tools-for-eclipse-5.4.0.RELEASE\.metadata\.plugins\org.eclipse.swt\EBWebView\Default
2026-09-21 01:33:00.958: [INFO] Profiles total count: 1
2026-09-21 01:33:00.958: [INFO] Profile: name=프로필 1 path=C:\Users\User\Documents\workspace-spring-tools-for-eclipse-5.4.0.RELEASE\.metadata\.plugins\org.eclipse.swt\EBWebView\Default lastActive=2026-09-18T07:40:44.365Z
2026-09-21 01:33:00.958: [INFO] LastUsedProfileDir: C:\Users\User\Documents\workspace-spring-tools-for-eclipse-5.4.0.RELEASE\.metadata\.plugins\org.eclipse.swt\EBWebView\Default
2026-09-21 01:33:00.958: [INFO] MostRecentlyActiveProfile: name=프로필 1 path=C:\Users\User\Documents\workspace-spring-tools-for-eclipse-5.4.0.RELEASE\.metadata\.plugins\org.eclipse.swt\EBWebView\Default lastActive=2026-09-18T07:40:44.365Z
2026-09-21 01:33:00.958: [INFO] OnDoneLoading sync enabled: 0
2026-09-21 01:33:00.958: [INFO] BookmarkModelLoaded, ids_reassigned: 0
2026-09-21 01:33:00.958: [INFO] BookmarksLoadDropped droppedNodes=0
2026-09-21 01:33:00.958: [INFO] BookmarksSnapshot Startup total=0 bar=0 other=0 mobile=0 showBar=0 showBarNTP=1
2026-09-21 01:33:09.642: [INFO] BookmarksSnapshot Shutdown total=0 bar=0 other=0 mobile=0 showBar=0 showBarNTP=1
2026-09-21 01:33:54.145: [INFO] CurrentProfilePath: C:\Users\User\Documents\workspace-spring-tools-for-eclipse-5.4.0.RELEASE\.metadata\.plugins\org.eclipse.swt\EBWebView\Default
2026-09-21 01:33:54.145: [INFO] Profiles total count: 1
2026-09-21 01:33:54.145: [INFO] Profile: name=프로필 1 path=C:\Users\User\Documents\workspace-spring-tools-for-eclipse-5.4.0.RELEASE\.metadata\.plugins\org.eclipse.swt\EBWebView\Default lastActive=2026-09-18T07:40:44.365Z
2026-09-21 01:33:54.145: [INFO] LastUsedProfileDir: C:\Users\User\Documents\workspace-spring-tools-for-eclipse-5.4.0.RELEASE\.metadata\.plugins\org.eclipse.swt\EBWebView\Default
2026-09-21 01:33:54.145: [INFO] MostRecentlyActiveProfile: name=프로필 1 path=C:\Users\User\Documents\workspace-spring-tools-for-eclipse-5.4.0.RELEASE\.metadata\.plugins\org.eclipse.swt\EBWebView\Default lastActive=2026-09-18T07:40:44.365Z
2026-09-21 01:33:54.145: [INFO] OnDoneLoading sync enabled: 0
2026-09-21 01:33:54.145: [INFO] BookmarkModelLoaded, ids_reassigned: 0
2026-09-21 01:33:54.145: [INFO] BookmarksLoadDropped droppedNodes=0
2026-09-21 01:33:54.145: [INFO] BookmarksSnapshot Startup total=0 bar=0 other=0 mobile=0 showBar=0 showBarNTP=1
2026-09-21 01:33:56.936: [INFO] BookmarksSnapshot Shutdown total=0 bar=0 other=0 mobile=0 showBar=0 showBarNTP=1
2026-09-21 01:53:48.954: [INFO] CurrentProfilePath: C:\Users\User\Documents\workspace-spring-tools-for-eclipse-5.4.0.RELEASE\.metadata\.plugins\org.eclipse.swt\EBWebView\Default
2026-09-21 01:53:48.954: [INFO] Profiles total count: 1
2026-09-21 01:53:48.954: [INFO] Profile: name=프로필 1 path=C:\Users\User\Documents\workspace-spring-tools-for-eclipse-5.4.0.RELEASE\.metadata\.plugins\org.eclipse.swt\EBWebView\Default lastActive=2026-09-18T07:40:44.365Z
2026-09-21 01:53:48.954: [INFO] LastUsedProfileDir: C:\Users\User\Documents\workspace-spring-tools-for-eclipse-5.4.0.RELEASE\.metadata\.plugins\org.eclipse.swt\EBWebView\Default
2026-09-21 01:53:48.954: [INFO] MostRecentlyActiveProfile: name=프로필 1 path=C:\Users\User\Documents\workspace-spring-tools-for-eclipse-5.4.0.RELEASE\.metadata\.plugins\org.eclipse.swt\EBWebView\Default lastActive=2026-09-18T07:40:44.365Z
2026-09-21 01:53:48.954: [INFO] OnDoneLoading sync enabled: 0
2026-09-21 01:53:48.954: [INFO] BookmarkModelLoaded, ids_reassigned: 0
2026-09-21 01:53:48.954: [INFO] BookmarksLoadDropped droppedNodes=0
2026-09-21 01:53:48.954: [INFO] BookmarksSnapshot Startup total=0 bar=0 other=0 mobile=0 showBar=0 showBarNTP=1
2026-09-21 01:54:50.760: [INFO] BookmarksSnapshot Shutdown total=0 bar=0 other=0 mobile=0 showBar=0 showBarNTP=1
